// Jest Snapshot v1, https://goo.gl/fbAQLP

exports[`ScrollingText should match snapshot 1`] = `
ShallowWrapper {
  "length": 1,
  Symbol(enzyme.__root__): [Circular],
  Symbol(enzyme.__unrendered__): <ScrollingText />,
  Symbol(enzyme.__renderer__): Object {
    "batchedUpdates": [Function],
    "getNode": [Function],
    "render": [Function],
    "simulateEvent": [Function],
    "unmount": [Function],
  },
  Symbol(enzyme.__node__): Object {
    "instance": null,
    "key": undefined,
    "nodeType": "host",
    "props": Object {
      "children": <div
        id="titles"
>
        <div
                id="titlecontent"
        >
                <p />
                <p>
                        <span />
                </p>
                <p
                        className="scrollYear"
                >
                        <span />
                </p>
                <audio
                        autoPlay={true}
                        loop={true}
                        src="imperial-march.mp3"
                />
        </div>
</div>,
      "className": "scrollingTextContainer",
    },
    "ref": null,
    "rendered": Object {
      "instance": null,
      "key": undefined,
      "nodeType": "host",
      "props": Object {
        "children": <div
          id="titlecontent"
>
          <p />
          <p>
                    <span />
          </p>
          <p
                    className="scrollYear"
          >
                    <span />
          </p>
          <audio
                    autoPlay={true}
                    loop={true}
                    src="imperial-march.mp3"
          />
</div>,
        "id": "titles",
      },
      "ref": null,
      "rendered": Object {
        "instance": null,
        "key": undefined,
        "nodeType": "host",
        "props": Object {
          "children": Array [
            <p />,
            <p>
              <span />
</p>,
            <p
              className="scrollYear"
>
              <span />
</p>,
            <audio
              autoPlay={true}
              loop={true}
              src="imperial-march.mp3"
/>,
          ],
          "id": "titlecontent",
        },
        "ref": null,
        "rendered": Array [
          Object {
            "instance": null,
            "key": undefined,
            "nodeType": "host",
            "props": Object {
              "children": "",
            },
            "ref": null,
            "rendered": "",
            "type": "p",
          },
          Object {
            "instance": null,
            "key": undefined,
            "nodeType": "host",
            "props": Object {
              "children": <span />,
            },
            "ref": null,
            "rendered": Object {
              "instance": null,
              "key": undefined,
              "nodeType": "host",
              "props": Object {
                "children": "",
              },
              "ref": null,
              "rendered": "",
              "type": "span",
            },
            "type": "p",
          },
          Object {
            "instance": null,
            "key": undefined,
            "nodeType": "host",
            "props": Object {
              "children": <span />,
              "className": "scrollYear",
            },
            "ref": null,
            "rendered": Object {
              "instance": null,
              "key": undefined,
              "nodeType": "host",
              "props": Object {
                "children": "",
              },
              "ref": null,
              "rendered": "",
              "type": "span",
            },
            "type": "p",
          },
          Object {
            "instance": null,
            "key": undefined,
            "nodeType": "host",
            "props": Object {
              "autoPlay": true,
              "loop": true,
              "src": "imperial-march.mp3",
            },
            "ref": null,
            "rendered": null,
            "type": "audio",
          },
        ],
        "type": "div",
      },
      "type": "div",
    },
    "type": "section",
  },
  Symbol(enzyme.__nodes__): Array [
    Object {
      "instance": null,
      "key": undefined,
      "nodeType": "host",
      "props": Object {
        "children": <div
          id="titles"
>
          <div
                    id="titlecontent"
          >
                    <p />
                    <p>
                              <span />
                    </p>
                    <p
                              className="scrollYear"
                    >
                              <span />
                    </p>
                    <audio
                              autoPlay={true}
                              loop={true}
                              src="imperial-march.mp3"
                    />
          </div>
</div>,
        "className": "scrollingTextContainer",
      },
      "ref": null,
      "rendered": Object {
        "instance": null,
        "key": undefined,
        "nodeType": "host",
        "props": Object {
          "children": <div
            id="titlecontent"
>
            <p />
            <p>
                        <span />
            </p>
            <p
                        className="scrollYear"
            >
                        <span />
            </p>
            <audio
                        autoPlay={true}
                        loop={true}
                        src="imperial-march.mp3"
            />
</div>,
          "id": "titles",
        },
        "ref": null,
        "rendered": Object {
          "instance": null,
          "key": undefined,
          "nodeType": "host",
          "props": Object {
            "children": Array [
              <p />,
              <p>
                <span />
</p>,
              <p
                className="scrollYear"
>
                <span />
</p>,
              <audio
                autoPlay={true}
                loop={true}
                src="imperial-march.mp3"
/>,
            ],
            "id": "titlecontent",
          },
          "ref": null,
          "rendered": Array [
            Object {
              "instance": null,
              "key": undefined,
              "nodeType": "host",
              "props": Object {
                "children": "",
              },
              "ref": null,
              "rendered": "",
              "type": "p",
            },
            Object {
              "instance": null,
              "key": undefined,
              "nodeType": "host",
              "props": Object {
                "children": <span />,
              },
              "ref": null,
              "rendered": Object {
                "instance": null,
                "key": undefined,
                "nodeType": "host",
                "props": Object {
                  "children": "",
                },
                "ref": null,
                "rendered": "",
                "type": "span",
              },
              "type": "p",
            },
            Object {
              "instance": null,
              "key": undefined,
              "nodeType": "host",
              "props": Object {
                "children": <span />,
                "className": "scrollYear",
              },
              "ref": null,
              "rendered": Object {
                "instance": null,
                "key": undefined,
                "nodeType": "host",
                "props": Object {
                  "children": "",
                },
                "ref": null,
                "rendered": "",
                "type": "span",
              },
              "type": "p",
            },
            Object {
              "instance": null,
              "key": undefined,
              "nodeType": "host",
              "props": Object {
                "autoPlay": true,
                "loop": true,
                "src": "imperial-march.mp3",
              },
              "ref": null,
              "rendered": null,
              "type": "audio",
            },
          ],
          "type": "div",
        },
        "type": "div",
      },
      "type": "section",
    },
  ],
  Symbol(enzyme.__options__): Object {
    "adapter": ReactSixteenAdapter {
      "options": Object {
        "enableComponentDidUpdateOnSetState": true,
      },
    },
    "disableLifecycleMethods": true,
  },
}
`;
