// Jest Snapshot v1, https://goo.gl/fbAQLP

exports[`Data cleaner shoul match snapshot 1`] = `[Function]`;
