// Jest Snapshot v1, https://goo.gl/fbAQLP

exports[`Card matches the snapshot 1`] = `
ShallowWrapper {
  "length": 1,
  Symbol(enzyme.__root__): [Circular],
  Symbol(enzyme.__unrendered__): <Card
    data={
        Object {
            "homeworld": "Tatooine",
            "id": "people1",
            "name": "C-3PO",
            "population": "200000",
            "species": "Droid",
          }
    }
    findCard={[Function]}
    id="people1"
    selected={
        Object {
            "card": "data",
          }
    }
/>,
  Symbol(enzyme.__renderer__): Object {
    "batchedUpdates": [Function],
    "getNode": [Function],
    "render": [Function],
    "simulateEvent": [Function],
    "unmount": [Function],
  },
  Symbol(enzyme.__node__): Object {
    "instance": null,
    "key": undefined,
    "nodeType": "host",
    "props": Object {
      "children": Array [
        Array [
          <div
            className="cardHeader"
>
            <h2>
                        C-3PO
            </h2>
            <div
                        className="cardFave"
            >
                        <a
                                    className="favoriteIcon"
                                    onClick={[Function]}
                        />
            </div>
</div>,
          <p>
            <span>
                        homeworld:
            </span>
             
            Tatooine
</p>,
          <p>
            <span>
                        species:
            </span>
             
            Droid
</p>,
          <p>
            <span>
                        population:
            </span>
             
            200000
</p>,
          null,
        ],
        <div
          className="cardBottom"
/>,
      ],
      "className": "card favorite",
    },
    "ref": null,
    "rendered": Array [
      Object {
        "instance": null,
        "key": "0",
        "nodeType": "host",
        "props": Object {
          "children": Array [
            <h2>
              C-3PO
</h2>,
            <div
              className="cardFave"
>
              <a
                            className="favoriteIcon"
                            onClick={[Function]}
              />
</div>,
          ],
          "className": "cardHeader",
        },
        "ref": null,
        "rendered": Array [
          Object {
            "instance": null,
            "key": undefined,
            "nodeType": "host",
            "props": Object {
              "children": "C-3PO",
            },
            "ref": null,
            "rendered": "C-3PO",
            "type": "h2",
          },
          Object {
            "instance": null,
            "key": undefined,
            "nodeType": "host",
            "props": Object {
              "children": <a
                className="favoriteIcon"
                onClick={[Function]}
/>,
              "className": "cardFave",
            },
            "ref": null,
            "rendered": Object {
              "instance": null,
              "key": undefined,
              "nodeType": "host",
              "props": Object {
                "className": "favoriteIcon",
                "onClick": [Function],
              },
              "ref": null,
              "rendered": null,
              "type": "a",
            },
            "type": "div",
          },
        ],
        "type": "div",
      },
      Object {
        "instance": null,
        "key": undefined,
        "nodeType": "host",
        "props": Object {
          "children": Array [
            <span>
              homeworld:
</span>,
            " ",
            "Tatooine",
          ],
        },
        "ref": null,
        "rendered": Array [
          Object {
            "instance": null,
            "key": undefined,
            "nodeType": "host",
            "props": Object {
              "children": "homeworld:",
            },
            "ref": null,
            "rendered": "homeworld:",
            "type": "span",
          },
          " ",
          "Tatooine",
        ],
        "type": "p",
      },
      Object {
        "instance": null,
        "key": undefined,
        "nodeType": "host",
        "props": Object {
          "children": Array [
            <span>
              species:
</span>,
            " ",
            "Droid",
          ],
        },
        "ref": null,
        "rendered": Array [
          Object {
            "instance": null,
            "key": undefined,
            "nodeType": "host",
            "props": Object {
              "children": "species:",
            },
            "ref": null,
            "rendered": "species:",
            "type": "span",
          },
          " ",
          "Droid",
        ],
        "type": "p",
      },
      Object {
        "instance": null,
        "key": undefined,
        "nodeType": "host",
        "props": Object {
          "children": Array [
            <span>
              population:
</span>,
            " ",
            "200000",
          ],
        },
        "ref": null,
        "rendered": Array [
          Object {
            "instance": null,
            "key": undefined,
            "nodeType": "host",
            "props": Object {
              "children": "population:",
            },
            "ref": null,
            "rendered": "population:",
            "type": "span",
          },
          " ",
          "200000",
        ],
        "type": "p",
      },
      null,
      Object {
        "instance": null,
        "key": undefined,
        "nodeType": "host",
        "props": Object {
          "className": "cardBottom",
        },
        "ref": null,
        "rendered": null,
        "type": "div",
      },
    ],
    "type": "article",
  },
  Symbol(enzyme.__nodes__): Array [
    Object {
      "instance": null,
      "key": undefined,
      "nodeType": "host",
      "props": Object {
        "children": Array [
          Array [
            <div
              className="cardHeader"
>
              <h2>
                            C-3PO
              </h2>
              <div
                            className="cardFave"
              >
                            <a
                                          className="favoriteIcon"
                                          onClick={[Function]}
                            />
              </div>
</div>,
            <p>
              <span>
                            homeworld:
              </span>
               
              Tatooine
</p>,
            <p>
              <span>
                            species:
              </span>
               
              Droid
</p>,
            <p>
              <span>
                            population:
              </span>
               
              200000
</p>,
            null,
          ],
          <div
            className="cardBottom"
/>,
        ],
        "className": "card favorite",
      },
      "ref": null,
      "rendered": Array [
        Object {
          "instance": null,
          "key": "0",
          "nodeType": "host",
          "props": Object {
            "children": Array [
              <h2>
                C-3PO
</h2>,
              <div
                className="cardFave"
>
                <a
                                className="favoriteIcon"
                                onClick={[Function]}
                />
</div>,
            ],
            "className": "cardHeader",
          },
          "ref": null,
          "rendered": Array [
            Object {
              "instance": null,
              "key": undefined,
              "nodeType": "host",
              "props": Object {
                "children": "C-3PO",
              },
              "ref": null,
              "rendered": "C-3PO",
              "type": "h2",
            },
            Object {
              "instance": null,
              "key": undefined,
              "nodeType": "host",
              "props": Object {
                "children": <a
                  className="favoriteIcon"
                  onClick={[Function]}
/>,
                "className": "cardFave",
              },
              "ref": null,
              "rendered": Object {
                "instance": null,
                "key": undefined,
                "nodeType": "host",
                "props": Object {
                  "className": "favoriteIcon",
                  "onClick": [Function],
                },
                "ref": null,
                "rendered": null,
                "type": "a",
              },
              "type": "div",
            },
          ],
          "type": "div",
        },
        Object {
          "instance": null,
          "key": undefined,
          "nodeType": "host",
          "props": Object {
            "children": Array [
              <span>
                homeworld:
</span>,
              " ",
              "Tatooine",
            ],
          },
          "ref": null,
          "rendered": Array [
            Object {
              "instance": null,
              "key": undefined,
              "nodeType": "host",
              "props": Object {
                "children": "homeworld:",
              },
              "ref": null,
              "rendered": "homeworld:",
              "type": "span",
            },
            " ",
            "Tatooine",
          ],
          "type": "p",
        },
        Object {
          "instance": null,
          "key": undefined,
          "nodeType": "host",
          "props": Object {
            "children": Array [
              <span>
                species:
</span>,
              " ",
              "Droid",
            ],
          },
          "ref": null,
          "rendered": Array [
            Object {
              "instance": null,
              "key": undefined,
              "nodeType": "host",
              "props": Object {
                "children": "species:",
              },
              "ref": null,
              "rendered": "species:",
              "type": "span",
            },
            " ",
            "Droid",
          ],
          "type": "p",
        },
        Object {
          "instance": null,
          "key": undefined,
          "nodeType": "host",
          "props": Object {
            "children": Array [
              <span>
                population:
</span>,
              " ",
              "200000",
            ],
          },
          "ref": null,
          "rendered": Array [
            Object {
              "instance": null,
              "key": undefined,
              "nodeType": "host",
              "props": Object {
                "children": "population:",
              },
              "ref": null,
              "rendered": "population:",
              "type": "span",
            },
            " ",
            "200000",
          ],
          "type": "p",
        },
        null,
        Object {
          "instance": null,
          "key": undefined,
          "nodeType": "host",
          "props": Object {
            "className": "cardBottom",
          },
          "ref": null,
          "rendered": null,
          "type": "div",
        },
      ],
      "type": "article",
    },
  ],
  Symbol(enzyme.__options__): Object {
    "adapter": ReactSixteenAdapter {
      "options": Object {
        "enableComponentDidUpdateOnSetState": true,
      },
    },
  },
}
`;
